/*---------------------------------------------------------------------------*\
| =========                 |                                                 |
| \\      /  F ield         | OpenFOAM: The Open Source CFD Toolbox           |
|  \\    /   O peration     | Version:  2412                                  |
|   \\  /    A nd           | Website:  www.openfoam.com                      |
|    \\/     M anipulation  |                                                 |
\*---------------------------------------------------------------------------*/
Build  : _f00230df-20250528 OPENFOAM=2412 patch=250528 version=2412
Arch   : "LSB;label=32;scalar=64"
Exec   : snappyHexMesh -overwrite
Date   : Apr 22 2026
Time   : 22:43:16
Host   : PraveenYadav
PID    : 74714
I/O    : uncollated
Case   : /home/praveen/openfoam_files/snappy_pipe
nProcs : 1
trapFpe: Floating point exception trapping enabled (FOAM_SIGFPE).
fileModificationChecking : Monitoring run-time modified files using timeStampMaster (fileModificationSkew 5, maxFileModificationPolls 20)
allowSystemOperations : Allowing user-supplied system call operations

// * * * * * * * * * * * * * * * * * * * * * * * * * * * * * * * * * * * * * //
Create time

Create mesh for time = 0

Read mesh in = 0.13 s

Overall mesh bounding box  : (-1 -1 -1) (1 1 41)
Relative tolerance         : 1e-06
Absolute matching distance : 4.20951e-05

Reading refinement surfaces.
Read refinement surfaces in = 0 s

Reading refinement shells.
Read refinement shells in = 0 s

Setting refinement level of surface to be consistent with shells.
For geometry cylinder.stl detected 0 uncached triangles out of 132
Checked shell refinement in = 0 s

Reading features.
Read features in = 0 s


Determining initial surface intersections
-----------------------------------------

Edge intersection testing:
    Number of edges             : 124400
    Number of edges to retest   : 0
    Number of intersected edges : 0
Edge intersection testing:
    Number of edges             : 124400
    Number of edges to retest   : 124400
    Number of intersected edges : 4000
Calculated surface intersections in = 0.13 s

Initial mesh : cells:40000  faces:124400  points:44541
Cells per refinement level:
    0	40000
Setting refinement level of surface to be consistent with curvature.
Checked curvature refinement in = 0 s


Adding patches for surface regions
----------------------------------

Patch Type                Region                        
----- ----                ------                        
cylinder:

3     wall                cylinder                      

Added patches in = 0.01 s

Edge intersection testing:
    Number of edges             : 124400
    Number of edges to retest   : 0
    Number of intersected edges : 4000
Decomposition method none [1]

Refinement phase
----------------

Found point (0.05 0.05 1.5) in cell 2210 on processor 0

Surface refinement iteration 0
------------------------------

Marked for refinement due to surface intersection          : 6024 cells.
Marked for refinement due to curvature/regions             : 0 cells.
Determined cells to refine in = 0.04 s
Selected for refinement : 6024 cells (out of 40000)
Edge intersection testing:
    Number of edges             : 262940
    Number of edges to retest   : 177544
    Number of intersected edges : 15832
Refined mesh in = 0.32 s
After refinement surface refinement iteration 0 : cells:82168  faces:262940  points:98757
Cells per refinement level:
    0	33976
    1	48192

Surface refinement iteration 1
------------------------------

Marked for refinement due to surface intersection          : 23192 cells.
Marked for refinement due to curvature/regions             : 0 cells.
Determined cells to refine in = 0.01 s
Selected for refinement : 24816 cells (out of 82168)
Edge intersection testing:
    Number of edges             : 831512
    Number of edges to retest   : 739580
    Number of intersected edges : 63320
Refined mesh in = 1.31 s
After refinement surface refinement iteration 1 : cells:255880  faces:831512  points:319919
Cells per refinement level:
    0	32352
    1	37992
    2	185536

Surface refinement iteration 2
------------------------------

Marked for refinement due to surface intersection          : 91448 cells.
Marked for refinement due to curvature/regions             : 0 cells.
Determined cells to refine in = 0.05 s
Selected for refinement : 96848 cells (out of 255880)
Edge intersection testing:
    Number of edges             : 3055376
    Number of edges to retest   : 2871164
    Number of intersected edges : 253872
Refined mesh in = 5.94 s
After refinement surface refinement iteration 2 : cells:933816  faces:3055376  points:1187923
Cells per refinement level:
    0	32320
    1	32848
    2	137320
    3	731328

Surface refinement iteration 3
------------------------------

Marked for refinement due to surface intersection          : 208 cells.
Marked for refinement due to curvature/regions             : 752 cells.
Determined cells to refine in = 0.79 s
Selected for refinement : 1264 cells (out of 933816)
Edge intersection testing:
    Number of edges             : 3087608
    Number of edges to retest   : 54600
    Number of intersected edges : 256720
Refined mesh in = 4.07 s
After refinement surface refinement iteration 3 : cells:942664  faces:3087608  points:1203267
Cells per refinement level:
    0	32304
    1	32848
    2	137976
    3	733520
    4	6016

Surface refinement iteration 4
------------------------------

Marked for refinement due to surface intersection          : 16 cells.
Marked for refinement due to curvature/regions             : 1192 cells.
Determined cells to refine in = 0.69 s
Selected for refinement : 1840 cells (out of 942664)
Edge intersection testing:
    Number of edges             : 3135248
    Number of edges to retest   : 81544
    Number of intersected edges : 263912
Refined mesh in = 3.64 s
After refinement surface refinement iteration 4 : cells:955544  faces:3135248  points:1226067
Cells per refinement level:
    0	32304
    1	32816
    2	138144
    3	733360
    4	12072
    5	6848

Surface refinement iteration 5
------------------------------

Marked for refinement due to surface intersection          : 0 cells.
Marked for refinement due to curvature/regions             : 1144 cells.
Determined cells to refine in = 0.94 s
Selected for refinement : 1816 cells (out of 955544)
Edge intersection testing:
    Number of edges             : 3179552
    Number of edges to retest   : 89708
    Number of intersected edges : 267880
Refined mesh in = 3.86 s
After refinement surface refinement iteration 5 : cells:968256  faces:3179552  points:1245403
Cells per refinement level:
    0	32288
    1	32888
    2	138352
    3	734680
    4	15968
    5	14080

Surface refinement iteration 6
------------------------------

Marked for refinement due to surface intersection          : 0 cells.
Marked for refinement due to curvature/regions             : 184 cells.
Determined cells to refine in = 0.9 s
Selected for refinement : 264 cells (out of 968256)
Edge intersection testing:
    Number of edges             : 3185960
    Number of edges to retest   : 19648
    Number of intersected edges : 268056
Refined mesh in = 4.11 s
After refinement surface refinement iteration 6 : cells:970104  faces:3185960  points:1248203
Cells per refinement level:
    0	32288
    1	32880
    2	138408
    3	734672
    4	16368
    5	15488

Surface refinement iteration 7
------------------------------

Marked for refinement due to surface intersection          : 0 cells.
Marked for refinement due to curvature/regions             : 24 cells.
Determined cells to refine in = 0.68 s
Selected for refinement : 48 cells (out of 970104)
Edge intersection testing:
    Number of edges             : 3187064
    Number of edges to retest   : 3384
    Number of intersected edges : 268056
Refined mesh in = 3.57 s
After refinement surface refinement iteration 7 : cells:970440  faces:3187064  points:1248643
Cells per refinement level:
    0	32288
    1	32880
    2	138400
    3	734720
    4	16472
    5	15680

Surface refinement iteration 8
------------------------------

Marked for refinement due to surface intersection          : 0 cells.
Marked for refinement due to curvature/regions             : 0 cells.
Determined cells to refine in = 0.85 s
Selected for refinement : 0 cells (out of 970440)
Stopping refining since too few cells selected.


Removing mesh beyond surface intersections
------------------------------------------

Setting cellZones according to locationsInMesh:
Location : (0.05 0.05 1.5)
    cellZone : none

For cellZone none found point (0.05 0.05 1.5) in global region 1 out of 2 regions.
--> FOAM Warning : 
    From void Foam::meshRefinement::nearestFace(const labelUList&, const Foam::bitSet&, Foam::autoPtr<Foam::mapDistribute>&, Foam::labelList&, Foam::label) const
    in file meshRefinement/meshRefinement.C at line 527
    Did not visit some faces, e.g. face 0 at (-0.9 -0.95 -0.79)
Keeping all cells containing inside points
Selected for keeping : 697752 cells.
Edge intersection testing:
    Number of edges             : 2367364
    Number of edges to retest   : 266576
    Number of intersected edges : 268056

Shell refinement iteration 0
----------------------------

Marked for refinement due to distance to explicit features : 0 cells.
Marked for refinement due to refinement shells             : 0 cells.
Determined cells to refine in = 4.87 s
Selected for internal refinement : 38474 cells (out of 697752)
Edge intersection testing:
    Number of edges             : 3178303
    Number of edges to retest   : 1911549
    Number of intersected edges : 271140
Refined mesh in = 5.8 s
After refinement shell refinement iteration 0 : cells:967070  faces:3178303  points:1246250
Cells per refinement level:
    0	2944
    1	16304
    2	91094
    3	805180
    4	20732
    5	30816

Shell refinement iteration 1
----------------------------

Marked for refinement due to distance to explicit features : 0 cells.
Marked for refinement due to refinement shells             : 0 cells.
Determined cells to refine in = 1 s
Selected for internal refinement : 3934 cells (out of 967070)
Edge intersection testing:
    Number of edges             : 3263428
    Number of edges to retest   : 283293
    Number of intersected edges : 273256
Refined mesh in = 4.04 s
After refinement shell refinement iteration 1 : cells:994608  faces:3263428  points:1276247
Cells per refinement level:
    0	2944
    1	15552
    2	95408
    3	818384
    4	22960
    5	39360

Shell refinement iteration 2
----------------------------

Marked for refinement due to distance to explicit features : 0 cells.
Marked for refinement due to refinement shells             : 0 cells.
Determined cells to refine in = 0.97 s
Selected for internal refinement : 512 cells (out of 994608)
Edge intersection testing:
    Number of edges             : 3274936
    Number of edges to retest   : 36604
    Number of intersected edges : 273752
Refined mesh in = 4.4 s
After refinement shell refinement iteration 2 : cells:998192  faces:3274936  points:1280547
Cells per refinement level:
    0	2944
    1	15552
    2	95408
    3	818320
    4	23024
    5	42944

Shell refinement iteration 3
----------------------------

Marked for refinement due to distance to explicit features : 0 cells.
Marked for refinement due to refinement shells             : 0 cells.
Determined cells to refine in = 1.06 s
Selected for internal refinement : 408 cells (out of 998192)
Edge intersection testing:
    Number of edges             : 3284200
    Number of edges to retest   : 28944
    Number of intersected edges : 274192
Refined mesh in = 3.95 s
After refinement shell refinement iteration 3 : cells:1001048  faces:3284200  points:1284099
Cells per refinement level:
    0	2944
    1	15552
    2	95408
    3	818272
    4	23048
    5	45824

Shell refinement iteration 4
----------------------------

Marked for refinement due to distance to explicit features : 0 cells.
Marked for refinement due to refinement shells             : 0 cells.
Determined cells to refine in = 0.98 s
Selected for internal refinement : 232 cells (out of 1001048)
Edge intersection testing:
    Number of edges             : 3289336
    Number of edges to retest   : 16320
    Number of intersected edges : 274360
Refined mesh in = 3.97 s
After refinement shell refinement iteration 4 : cells:1002672  faces:3289336  points:1285963
Cells per refinement level:
    0	2944
    1	15552
    2	95408
    3	818248
    4	23032
    5	47488

Shell refinement iteration 5
----------------------------

Marked for refinement due to distance to explicit features : 0 cells.
Marked for refinement due to refinement shells             : 0 cells.
Determined cells to refine in = 1.06 s
Selected for internal refinement : 56 cells (out of 1002672)
Edge intersection testing:
    Number of edges             : 3290608
    Number of edges to retest   : 4488
    Number of intersected edges : 274384
Refined mesh in = 4.63 s
After refinement shell refinement iteration 5 : cells:1003064  faces:3290608  points:1286451
Cells per refinement level:
    0	2944
    1	15552
    2	95408
    3	818248
    4	22976
    5	47936

Shell refinement iteration 6
----------------------------

Marked for refinement due to distance to explicit features : 0 cells.
Marked for refinement due to refinement shells             : 0 cells.
Determined cells to refine in = 1.12 s
Selected for internal refinement : 96 cells (out of 1003064)
Edge intersection testing:
    Number of edges             : 3292816
    Number of edges to retest   : 6352
    Number of intersected edges : 274456
Refined mesh in = 5.07 s
After refinement shell refinement iteration 6 : cells:1003736  faces:3292816  points:1287315
Cells per refinement level:
    0	2944
    1	15552
    2	95408
    3	818248
    4	22880
    5	48704

Shell refinement iteration 7
----------------------------

Marked for refinement due to distance to explicit features : 0 cells.
Marked for refinement due to refinement shells             : 0 cells.
Determined cells to refine in = 1.08 s
Selected for internal refinement : 88 cells (out of 1003736)
Edge intersection testing:
    Number of edges             : 3294784
    Number of edges to retest   : 5784
    Number of intersected edges : 274528
Refined mesh in = 4.62 s
After refinement shell refinement iteration 7 : cells:1004352  faces:3294784  points:1288051
Cells per refinement level:
    0	2944
    1	15552
    2	95408
    3	818248
    4	22792
    5	49408

Shell refinement iteration 8
----------------------------

Marked for refinement due to distance to explicit features : 0 cells.
Marked for refinement due to refinement shells             : 0 cells.
Determined cells to refine in = 1.12 s
Selected for internal refinement : 24 cells (out of 1004352)
Edge intersection testing:
    Number of edges             : 3295312
    Number of edges to retest   : 1960
    Number of intersected edges : 274552
Refined mesh in = 4.25 s
After refinement shell refinement iteration 8 : cells:1004520  faces:3295312  points:1288235
Cells per refinement level:
    0	2944
    1	15552
    2	95408
    3	818248
    4	22768
    5	49600

Shell refinement iteration 9
----------------------------

Marked for refinement due to distance to explicit features : 0 cells.
Marked for refinement due to refinement shells             : 0 cells.
Determined cells to refine in = 1.15 s
Selected for internal refinement : 16 cells (out of 1004520)
Edge intersection testing:
    Number of edges             : 3295672
    Number of edges to retest   : 1184
    Number of intersected edges : 274552
Refined mesh in = 4.65 s
After refinement shell refinement iteration 9 : cells:1004632  faces:3295672  points:1288371
Cells per refinement level:
    0	2944
    1	15552
    2	95408
    3	818248
    4	22752
    5	49728

Shell refinement iteration 10
----------------------------

Marked for refinement due to distance to explicit features : 0 cells.
Marked for refinement due to refinement shells             : 0 cells.
Determined cells to refine in = 1.36 s
Selected for internal refinement : 16 cells (out of 1004632)
Edge intersection testing:
    Number of edges             : 3296032
    Number of edges to retest   : 1176
    Number of intersected edges : 274552
Refined mesh in = 4.62 s
After refinement shell refinement iteration 10 : cells:1004744  faces:3296032  points:1288507
Cells per refinement level:
    0	2944
    1	15552
    2	95408
    3	818248
    4	22736
    5	49856

Shell refinement iteration 11
----------------------------

Marked for refinement due to distance to explicit features : 0 cells.
Marked for refinement due to refinement shells             : 0 cells.
Determined cells to refine in = 1.4 s
Selected for internal refinement : 16 cells (out of 1004744)
Edge intersection testing:
    Number of edges             : 3296368
    Number of edges to retest   : 1012
    Number of intersected edges : 274552
Refined mesh in = 5.66 s
After refinement shell refinement iteration 11 : cells:1004856  faces:3296368  points:1288615
Cells per refinement level:
    0	2944
    1	15552
    2	95408
    3	818248
    4	22720
    5	49984

Shell refinement iteration 12
----------------------------

Marked for refinement due to distance to explicit features : 0 cells.
Marked for refinement due to refinement shells             : 0 cells.
Determined cells to refine in = 1.66 s
Selected for internal refinement : 0 cells (out of 1004856)
Stopping refining since too few cells selected.


Dangling coarse cells refinement iteration 0
--------------------------------------------

Determined cells to refine in = 0.07 s
Selected for refinement : 0 cells (out of 1004856)
Stopping refining since too few cells selected.


Dangling coarse cells refinement iteration 0
--------------------------------------------

Determined cells to refine in = 0.06 s
Selected for refinement : 0 cells (out of 1004856)
Stopping refining since too few cells selected.


Refinement transition refinement iteration 0
--------------------------------------------

Determined cells to refine in = 0.12 s
Selected for refinement : 0 cells (out of 1004856)
Stopping refining since too few cells selected.


Splitting mesh at surface intersections
---------------------------------------

Introducing baffles for 274552 faces that are intersected by the surface.

Setting cellZones according to locationsInMesh:
Location : (0.05 0.05 1.5)
    cellZone : none

For cellZone none found point (0.05 0.05 1.5) in global region 1 out of 2 regions.
Edge intersection testing:
    Number of edges             : 3570920
    Number of edges to retest   : 1740104
    Number of intersected edges : 547456
Created baffles in = 5.54 s


After introducing baffles : cells:1004856  faces:3570920  points:1288615
Cells per refinement level:
    0	2944
    1	15552
    2	95408
    3	818248
    4	22720
    5	49984

Introducing baffles to block off problem cells
----------------------------------------------

markFacesOnProblemCells : marked 499564 additional internal faces to be converted into baffles.
Analyzed problem cells in = 2.73 s


Introducing baffles to delete problem cells.

Edge intersection testing:
    Number of edges             : 4070484
    Number of edges to retest   : 1575344
    Number of intersected edges : 547488
Created baffles in = 5.15 s


After introducing baffles : cells:1004856  faces:4070484  points:1288615
Cells per refinement level:
    0	2944
    1	15552
    2	95408
    3	818248
    4	22720
    5	49984
Setting cellZones according to locationsInMesh:
Location : (0.05 0.05 1.5)
    cellZone : none

For cellZone none found point (0.05 0.05 1.5) in global region 1 out of 241410 regions.
Edge intersection testing:
    Number of edges             : 4070484
    Number of edges to retest   : 2031028
    Number of intersected edges : 547488

Remove unreachable sections of mesh
-----------------------------------

Keeping all cells containing points 1((0.05 0.05 1.5))
Selected for keeping : 685048 cells.
Edge intersection testing:
    Number of edges             : 2314304
    Number of edges to retest   : 0
    Number of intersected edges : 273680
Split mesh in = 10.27 s


After subsetting : cells:685048  faces:2314304  points:946377
Cells per refinement level:
    0	2944
    1	15552
    2	95408
    3	545584
    4	10232
    5	15328

Introducing zones for interfaces
--------------------------------

Setting cellZones according to locationsInMesh:
Location : (0.05 0.05 1.5)
    cellZone : none

For cellZone none found point (0.05 0.05 1.5) in global region 0 out of 1 regions.
Setting faceZones according to neighbouring cellZones:

Edge intersection testing:
    Number of edges             : 2314304
    Number of edges to retest   : 0
    Number of intersected edges : 273680

Handling cells with snap problems
---------------------------------

Introducing baffles for 273680 faces that are intersected by the surface.

Setting cellZones according to locationsInMesh:
Location : (0.05 0.05 1.5)
    cellZone : none

For cellZone none found point (0.05 0.05 1.5) in global region 0 out of 1 regions.
Edge intersection testing:
    Number of edges             : 2314304
    Number of edges to retest   : 852416
    Number of intersected edges : 273680
Created baffles in = 4.51 s


After introducing baffles : cells:685048  faces:2314304  points:946377
Cells per refinement level:
    0	2944
    1	15552
    2	95408
    3	545584
    4	10232
    5	15328

Introducing baffles to block off problem cells
----------------------------------------------

markFacesOnProblemCells : marked 0 additional internal faces to be converted into baffles.
Analyzed problem cells in = 1.48 s


Introducing baffles to delete problem cells.

Created baffles in = 0.15 s


After introducing baffles : cells:685048  faces:2314304  points:946377
Cells per refinement level:
    0	2944
    1	15552
    2	95408
    3	545584
    4	10232
    5	15328
Setting cellZones according to locationsInMesh:
Location : (0.05 0.05 1.5)
    cellZone : none

For cellZone none found point (0.05 0.05 1.5) in global region 0 out of 1 regions.
Edge intersection testing:
    Number of edges             : 2314304
    Number of edges to retest   : 852416
    Number of intersected edges : 273680

Remove unreachable sections of mesh
-----------------------------------

Split mesh in = 2.72 s


After subsetting : cells:685048  faces:2314304  points:946377
Cells per refinement level:
    0	2944
    1	15552
    2	95408
    3	545584
    4	10232
    5	15328

Merge free-standing baffles
---------------------------

freeStandingBaffles : detected 0 free-standing baffles out of 0

Detected free-standing baffles : 0
Merged free-standing baffles in = 0.56 s


dupNonManifoldPoints : Found : 0 non-manifold points (out of 946377)
Detected unsplittable baffles : 0

Merge refined boundary faces
----------------------------

Merging 1376 sets of faces.

Edge intersection testing:
    Number of edges             : 2310576
    Number of edges to retest   : 12272
    Number of intersected edges : 269952

Undo iteration 0
----------------
Checking faces in error :
    non-orthogonality > 65  degrees                        : 0
    faces with face pyramid volume < 1e-13                 : 0
    faces with face-decomposition tet quality < 1e-30      : 0
    faces with concavity > 80  degrees                     : 0
    faces with skewness > 4   (internal) or 20  (boundary) : 0
    faces with interpolation weights (0..1)  < 0.02        : 0
    faces with volume ratio of neighbour cells < 0.01      : 0
    faces with face twist < 0.02                           : 0
    faces on cells with determinant < 0.001                : 0

Merging all points on surface that
- are used by only two boundary faces and
- make an angle with a cosine of more than 0.707107.

Removing 2548 straight edge points ...

Edge intersection testing:
    Number of edges             : 2310576
    Number of edges to retest   : 16576
    Number of intersected edges : 269952

Undo iteration 0
----------------
Checking faces in error :
    non-orthogonality > 65  degrees                        : 0
    faces with face pyramid volume < 1e-13                 : 0
    faces with face-decomposition tet quality < 1e-30      : 0
    faces with concavity > 80  degrees                     : 0
    faces with skewness > 4   (internal) or 20  (boundary) : 0
    faces with interpolation weights (0..1)  < 0.02        : 0
    faces with volume ratio of neighbour cells < 0.01      : 0
    faces with face twist < 0.02                           : 0
    faces on cells with determinant < 0.001                : 0
Refined mesh : cells:685048  faces:2310576  points:942653
Cells per refinement level:
    0	2944
    1	15552
    2	95408
    3	545584
    4	10232
    5	15328
Writing mesh to time constant
Wrote mesh in = 2.45 s.
Mesh refined in = 150.68 s.

Morphing phase
--------------

Duplicating 0 points on faceZones of type boundary
Snapping to features in 10 iterations ...
Constructing mesh displacer ...
Using mesh parameters 
{
    maxNonOrtho     65;
    maxBoundarySkewness 20;
    maxInternalSkewness 4;
    maxConcave      80;
    minFlatness     0.5;
    minVol          1e-13;
    minTetQuality   1e-30;
    minArea         -1;
    minTwist        0.02;
    minDeterminant  0.001;
    minFaceWeight   0.02;
    minVolRatio     0.01;
    minTriangleTwist -1;
    nSmoothScale    4;
    errorReduction  0.75;
}


Checking initial mesh ...
Checking faces in error :
    non-orthogonality > 65  degrees                        : 0
    faces with face pyramid volume < 1e-13                 : 0
    faces with face-decomposition tet quality < 1e-30      : 0
    faces with concavity > 80  degrees                     : 0
    faces with skewness > 4   (internal) or 20  (boundary) : 0
    faces with interpolation weights (0..1)  < 0.02        : 0
    faces with volume ratio of neighbour cells < 0.01      : 0
    faces with face twist < 0.02                           : 0
    faces on cells with determinant < 0.001                : 0
Detected 0 illegal faces (concave, zero area or negative cell pyramid volume)
Checked initial mesh in = 13.79 s


Smoothing patch points ...
Smoothing iteration 0
Found 0 non-manifold point(s).

Scaling iteration 0
Moving mesh using displacement scaling : min:1  max:1
Checking faces in error :
    non-orthogonality > 65  degrees                        : 0
    faces with face pyramid volume < 1e-13                 : 0
    faces with face-decomposition tet quality < 1e-30      : 0
    faces with concavity > 80  degrees                     : 0
    faces with skewness > 4   (internal) or 20  (boundary) : 0
    faces with interpolation weights (0..1)  < 0.02        : 0
    faces with volume ratio of neighbour cells < 0.01      : 0
    faces with face twist < 0.02                           : 0
    faces on cells with determinant < 0.001                : 0
Successfully moved mesh

Smoothing iteration 1
Found 0 non-manifold point(s).

Scaling iteration 0
Moving mesh using displacement scaling : min:1  max:1
Checking faces in error :
    non-orthogonality > 65  degrees                        : 0
    faces with face pyramid volume < 1e-13                 : 0
    faces with face-decomposition tet quality < 1e-30      : 0
    faces with concavity > 80  degrees                     : 0
    faces with skewness > 4   (internal) or 20  (boundary) : 0
    faces with interpolation weights (0..1)  < 0.02        : 0
    faces with volume ratio of neighbour cells < 0.01      : 0
    faces with face twist < 0.02                           : 0
    faces on cells with determinant < 0.001                : 0
Successfully moved mesh

Smoothing iteration 2
Found 0 non-manifold point(s).

Scaling iteration 0
Moving mesh using displacement scaling : min:1  max:1
Checking faces in error :
    non-orthogonality > 65  degrees                        : 16
    faces with face pyramid volume < 1e-13                 : 0
    faces with face-decomposition tet quality < 1e-30      : 0
    faces with concavity > 80  degrees                     : 0
    faces with skewness > 4   (internal) or 20  (boundary) : 0
    faces with interpolation weights (0..1)  < 0.02        : 0
    faces with volume ratio of neighbour cells < 0.01      : 0
    faces with face twist < 0.02                           : 0
    faces on cells with determinant < 0.001                : 0

Scaling iteration 1
Moving mesh using displacement scaling : min:0.75  max:1
Checking faces in error :
    non-orthogonality > 65  degrees                        : 8
    faces with face pyramid volume < 1e-13                 : 0
    faces with face-decomposition tet quality < 1e-30      : 0
    faces with concavity > 80  degrees                     : 0
    faces with skewness > 4   (internal) or 20  (boundary) : 0
    faces with interpolation weights (0..1)  < 0.02        : 0
    faces with volume ratio of neighbour cells < 0.01      : 0
    faces with face twist < 0.02                           : 0
    faces on cells with determinant < 0.001                : 0

Scaling iteration 2
Moving mesh using displacement scaling : min:0.5625  max:1
Checking faces in error :
    non-orthogonality > 65  degrees                        : 8
    faces with face pyramid volume < 1e-13                 : 0
    faces with face-decomposition tet quality < 1e-30      : 0
    faces with concavity > 80  degrees                     : 0
    faces with skewness > 4   (internal) or 20  (boundary) : 0
    faces with interpolation weights (0..1)  < 0.02        : 0
    faces with volume ratio of neighbour cells < 0.01      : 0
    faces with face twist < 0.02                           : 0
    faces on cells with determinant < 0.001                : 0

Scaling iteration 3
Moving mesh using displacement scaling : min:0.421875  max:1
Checking faces in error :
    non-orthogonality > 65  degrees                        : 0
    faces with face pyramid volume < 1e-13                 : 0
    faces with face-decomposition tet quality < 1e-30      : 0
    faces with concavity > 80  degrees                     : 0
    faces with skewness > 4   (internal) or 20  (boundary) : 0
    faces with interpolation weights (0..1)  < 0.02        : 0
    faces with volume ratio of neighbour cells < 0.01      : 0
    faces with face twist < 0.02                           : 0
    faces on cells with determinant < 0.001                : 0
Successfully moved mesh

Patch points smoothed in = 10.96 s



Morph iteration 0
-----------------
Calculating patchDisplacement as distance to nearest surface point ...
    non-zone points : attract to nearest of all non-zone surfaces
    zone points     : attract to zone surface only

Wanted displacement : average:0.00189892 min:1.5798e-07 max:0.00607853
Calculated surface displacement in = 0.12 s


Detecting near surfaces ...
Overriding nearest with intersection of close gaps at 0 out of 272878 points.
Overriding displacement on features :
   implicit features    : true
   explicit features    : false
   multi-patch features : false

Attraction:
    linear   : max:(0.0060526 0.000560856 2.3368e-11) avg:(4.56588e-17 1.09953e-08 4.74224e-14)
    feature  : max:(0.0060526 0.000560856 0) avg:(-1.28479e-19 -1.61442e-07 -6.7041e-17)
Feature analysis : total master points :272878 of which attracted to :
    feature point   : 0
    feature edge    : 2552
    nearest surface : 270326
    rest            : 0

--> FOAM Warning : Displacement (3.81893e-16 4.11194e-05 -1.59157e-08) at mesh point 0 coord (1.96718e-19 -0.498387 0.26) points through the surrounding patch faces
Smoothing displacement ...
Iteration 0
Iteration 10
Iteration 20
Displacement smoothed in = 3.75 s


Moving mesh ...

Iteration 0
Moving mesh using displacement scaling : min:1  max:1
Checking faces in error :
    non-orthogonality > 65  degrees                        : 8
    faces with face pyramid volume < 1e-13                 : 0
    faces with face-decomposition tet quality < 1e-30      : 0
    faces with concavity > 80  degrees                     : 0
    faces with skewness > 4   (internal) or 20  (boundary) : 0
    faces with interpolation weights (0..1)  < 0.02        : 0
    faces with volume ratio of neighbour cells < 0.01      : 0
    faces with face twist < 0.02                           : 0
    faces on cells with determinant < 0.001                : 0

Iteration 1
Moving mesh using displacement scaling : min:0.75  max:1
Checking faces in error :
    non-orthogonality > 65  degrees                        : 8
    faces with face pyramid volume < 1e-13                 : 0
    faces with face-decomposition tet quality < 1e-30      : 0
    faces with concavity > 80  degrees                     : 0
    faces with skewness > 4   (internal) or 20  (boundary) : 0
    faces with interpolation weights (0..1)  < 0.02        : 0
    faces with volume ratio of neighbour cells < 0.01      : 0
    faces with face twist < 0.02                           : 0
    faces on cells with determinant < 0.001                : 0

Iteration 2
Moving mesh using displacement scaling : min:0.5625  max:1
Checking faces in error :
    non-orthogonality > 65  degrees                        : 8
    faces with face pyramid volume < 1e-13                 : 0
    faces with face-decomposition tet quality < 1e-30      : 0
    faces with concavity > 80  degrees                     : 0
    faces with skewness > 4   (internal) or 20  (boundary) : 0
    faces with interpolation weights (0..1)  < 0.02        : 0
    faces with volume ratio of neighbour cells < 0.01      : 0
    faces with face twist < 0.02                           : 0
    faces on cells with determinant < 0.001                : 0

Iteration 3
Moving mesh using displacement scaling : min:0.421875  max:1
Checking faces in error :
    non-orthogonality > 65  degrees                        : 8
    faces with face pyramid volume < 1e-13                 : 0
    faces with face-decomposition tet quality < 1e-30      : 0
    faces with concavity > 80  degrees                     : 0
    faces with skewness > 4   (internal) or 20  (boundary) : 0
    faces with interpolation weights (0..1)  < 0.02        : 0
    faces with volume ratio of neighbour cells < 0.01      : 0
    faces with face twist < 0.02                           : 0
    faces on cells with determinant < 0.001                : 0

Iteration 4
Moving mesh using displacement scaling : min:0.316406  max:1
Checking faces in error :
    non-orthogonality > 65  degrees                        : 0
    faces with face pyramid volume < 1e-13                 : 0
    faces with face-decomposition tet quality < 1e-30      : 0
    faces with concavity > 80  degrees                     : 0
    faces with skewness > 4   (internal) or 20  (boundary) : 0
    faces with interpolation weights (0..1)  < 0.02        : 0
    faces with volume ratio of neighbour cells < 0.01      : 0
    faces with face twist < 0.02                           : 0
    faces on cells with determinant < 0.001                : 0
Successfully moved mesh
Moved mesh in = 5.76 s



Morph iteration 1
-----------------
Calculating patchDisplacement as distance to nearest surface point ...
    non-zone points : attract to nearest of all non-zone surfaces
    zone points     : attract to zone surface only

Wanted displacement : average:0.00177062 min:9.85096e-08 max:0.00576387
Calculated surface displacement in = 0.13 s


Detecting near surfaces ...
Overriding nearest with intersection of close gaps at 0 out of 272878 points.
Overriding displacement on features :
   implicit features    : true
   explicit features    : false
   multi-patch features : false

Attraction:
    linear   : max:(-0.00573928 -0.000531823 0) avg:(1.74918e-11 1.41658e-08 -7.59515e-13)
    feature  : max:(-0.00573928 -0.000531823 -0) avg:(1.09305e-11 -1.18784e-08 -6.93986e-13)
Feature analysis : total master points :272878 of which attracted to :
    feature point   : 0
    feature edge    : 2552
    nearest surface : 270326
    rest            : 0

--> FOAM Warning : Displacement (-3.44901e-16 8.23124e-05 -6.52574e-08) at mesh point 0 coord (3.8209e-16 -0.498346 0.26) points through the surrounding patch faces
Smoothing displacement ...
Iteration 0
Iteration 10
Iteration 20
Displacement smoothed in = 3.97 s


Moving mesh ...

Iteration 0
Moving mesh using displacement scaling : min:1  max:1
Checking faces in error :
    non-orthogonality > 65  degrees                        : 16
    faces with face pyramid volume < 1e-13                 : 0
    faces with face-decomposition tet quality < 1e-30      : 0
    faces with concavity > 80  degrees                     : 0
    faces with skewness > 4   (internal) or 20  (boundary) : 0
    faces with interpolation weights (0..1)  < 0.02        : 0
    faces with volume ratio of neighbour cells < 0.01      : 0
    faces with face twist < 0.02                           : 0
    faces on cells with determinant < 0.001                : 0

Iteration 1
Moving mesh using displacement scaling : min:0.75  max:1
Checking faces in error :
    non-orthogonality > 65  degrees                        : 16
    faces with face pyramid volume < 1e-13                 : 0
    faces with face-decomposition tet quality < 1e-30      : 0
    faces with concavity > 80  degrees                     : 0
    faces with skewness > 4   (internal) or 20  (boundary) : 0
    faces with interpolation weights (0..1)  < 0.02        : 0
    faces with volume ratio of neighbour cells < 0.01      : 0
    faces with face twist < 0.02                           : 0
    faces on cells with determinant < 0.001                : 0

Iteration 2
Moving mesh using displacement scaling : min:0.5625  max:1
Checking faces in error :
    non-orthogonality > 65  degrees                        : 8
    faces with face pyramid volume < 1e-13                 : 0
    faces with face-decomposition tet quality < 1e-30      : 0
    faces with concavity > 80  degrees                     : 0
    faces with skewness > 4   (internal) or 20  (boundary) : 0
    faces with interpolation weights (0..1)  < 0.02        : 0
    faces with volume ratio of neighbour cells < 0.01      : 0
    faces with face twist < 0.02                           : 0
    faces on cells with determinant < 0.001                : 0

Iteration 3
Moving mesh using displacement scaling : min:0.421875  max:1
Checking faces in error :
    non-orthogonality > 65  degrees                        : 8
    faces with face pyramid volume < 1e-13                 : 0
    faces with face-decomposition tet quality < 1e-30      : 0
    faces with concavity > 80  degrees                     : 0
    faces with skewness > 4   (internal) or 20  (boundary) : 0
    faces with interpolation weights (0..1)  < 0.02        : 0
    faces with volume ratio of neighbour cells < 0.01      : 0
    faces with face twist < 0.02                           : 0
    faces on cells with determinant < 0.001                : 0

Iteration 4
Moving mesh using displacement scaling : min:0.316406  max:1
Checking faces in error :
    non-orthogonality > 65  degrees                        : 8
    faces with face pyramid volume < 1e-13                 : 0
    faces with face-decomposition tet quality < 1e-30      : 0
    faces with concavity > 80  degrees                     : 0
    faces with skewness > 4   (internal) or 20  (boundary) : 0
    faces with interpolation weights (0..1)  < 0.02        : 0
    faces with volume ratio of neighbour cells < 0.01      : 0
    faces with face twist < 0.02                           : 0
    faces on cells with determinant < 0.001                : 0

Iteration 5
Displacement scaling for error reduction set to 0.
Moving mesh using displacement scaling : min:0.237305  max:1
Checking faces in error :
    non-orthogonality > 65  degrees                        : 8
    faces with face pyramid volume < 1e-13                 : 0
    faces with face-decomposition tet quality < 1e-30      : 0
    faces with concavity > 80  degrees                     : 0
    faces with skewness > 4   (internal) or 20  (boundary) : 0
    faces with interpolation weights (0..1)  < 0.02        : 0
    faces with volume ratio of neighbour cells < 0.01      : 0
    faces with face twist < 0.02                           : 0
    faces on cells with determinant < 0.001                : 0

Iteration 6
Moving mesh using displacement scaling : min:0  max:1
Checking faces in error :
    non-orthogonality > 65  degrees                        : 0
    faces with face pyramid volume < 1e-13                 : 0
    faces with face-decomposition tet quality < 1e-30      : 0
    faces with concavity > 80  degrees                     : 0
    faces with skewness > 4   (internal) or 20  (boundary) : 0
    faces with interpolation weights (0..1)  < 0.02        : 0
    faces with volume ratio of neighbour cells < 0.01      : 0
    faces with face twist < 0.02                           : 0
    faces on cells with determinant < 0.001                : 0
Successfully moved mesh
Moved mesh in = 7.66 s



Morph iteration 2
-----------------
Calculating patchDisplacement as distance to nearest surface point ...
    non-zone points : attract to nearest of all non-zone surfaces
    zone points     : attract to zone surface only

Wanted displacement : average:0.00152358 min:5.18412e-07 max:0.00512231
Calculated surface displacement in = 0.13 s


Detecting near surfaces ...
Overriding nearest with intersection of close gaps at 0 out of 272878 points.
Overriding displacement on features :
   implicit features    : true
   explicit features    : false
   multi-patch features : false

Attraction:
    linear   : max:(-0.00510046 -0.000472627 0) avg:(4.84921e-11 1.14547e-08 -5.6823e-12)
    feature  : max:(-0.00510046 -0.000472627 -0) avg:(-2.58164e-11 -2.30013e-08 -5.69531e-12)
Feature analysis : total master points :272878 of which attracted to :
    feature point   : 0
    feature edge    : 2552
    nearest surface : 270326
    rest            : 0

--> FOAM Warning : Displacement (5.49602e-17 0.000114189 -1.47308e-07) at mesh point 0 coord (3.71885e-17 -0.498264 0.26) points through the surrounding patch faces
Smoothing displacement ...
Iteration 0
Iteration 10
Iteration 20
Displacement smoothed in = 3.61 s


Moving mesh ...

Iteration 0
Moving mesh using displacement scaling : min:1  max:1
Checking faces in error :
    non-orthogonality > 65  degrees                        : 48
    faces with face pyramid volume < 1e-13                 : 0
    faces with face-decomposition tet quality < 1e-30      : 0
    faces with concavity > 80  degrees                     : 0
    faces with skewness > 4   (internal) or 20  (boundary) : 0
    faces with interpolation weights (0..1)  < 0.02        : 0
    faces with volume ratio of neighbour cells < 0.01      : 0
    faces with face twist < 0.02                           : 0
    faces on cells with determinant < 0.001                : 0

Iteration 1
Moving mesh using displacement scaling : min:0.75  max:1
Checking faces in error :
    non-orthogonality > 65  degrees                        : 48
    faces with face pyramid volume < 1e-13                 : 0
    faces with face-decomposition tet quality < 1e-30      : 0
    faces with concavity > 80  degrees                     : 0
    faces with skewness > 4   (internal) or 20  (boundary) : 0
    faces with interpolation weights (0..1)  < 0.02        : 0
    faces with volume ratio of neighbour cells < 0.01      : 0
    faces with face twist < 0.02                           : 0
    faces on cells with determinant < 0.001                : 0

Iteration 2
Moving mesh using displacement scaling : min:0.5625  max:1
Checking faces in error :
    non-orthogonality > 65  degrees                        : 40
    faces with face pyramid volume < 1e-13                 : 0
    faces with face-decomposition tet quality < 1e-30      : 0
    faces with concavity > 80  degrees                     : 0
    faces with skewness > 4   (internal) or 20  (boundary) : 0
    faces with interpolation weights (0..1)  < 0.02        : 0
    faces with volume ratio of neighbour cells < 0.01      : 0
    faces with face twist < 0.02                           : 0
    faces on cells with determinant < 0.001                : 0

Iteration 3
Moving mesh using displacement scaling : min:0.421875  max:1
Checking faces in error :
    non-orthogonality > 65  degrees                        : 40
    faces with face pyramid volume < 1e-13                 : 0
    faces with face-decomposition tet quality < 1e-30      : 0
    faces with concavity > 80  degrees                     : 0
    faces with skewness > 4   (internal) or 20  (boundary) : 0
    faces with interpolation weights (0..1)  < 0.02        : 0
    faces with volume ratio of neighbour cells < 0.01      : 0
    faces with face twist < 0.02                           : 0
    faces on cells with determinant < 0.001                : 0

Iteration 4
Moving mesh using displacement scaling : min:0.316406  max:1
Checking faces in error :
    non-orthogonality > 65  degrees                        : 40
    faces with face pyramid volume < 1e-13                 : 0
    faces with face-decomposition tet quality < 1e-30      : 0
    faces with concavity > 80  degrees                     : 0
    faces with skewness > 4   (internal) or 20  (boundary) : 0
    faces with interpolation weights (0..1)  < 0.02        : 0
    faces with volume ratio of neighbour cells < 0.01      : 0
    faces with face twist < 0.02                           : 0
    faces on cells with determinant < 0.001                : 0

Iteration 5
Displacement scaling for error reduction set to 0.
Moving mesh using displacement scaling : min:0.237305  max:1
Checking faces in error :
    non-orthogonality > 65  degrees                        : 32
    faces with face pyramid volume < 1e-13                 : 0
    faces with face-decomposition tet quality < 1e-30      : 0
    faces with concavity > 80  degrees                     : 0
    faces with skewness > 4   (internal) or 20  (boundary) : 0
    faces with interpolation weights (0..1)  < 0.02        : 0
    faces with volume ratio of neighbour cells < 0.01      : 0
    faces with face twist < 0.02                           : 0
    faces on cells with determinant < 0.001                : 0

Iteration 6
Moving mesh using displacement scaling : min:0  max:1
Checking faces in error :
    non-orthogonality > 65  degrees                        : 0
    faces with face pyramid volume < 1e-13                 : 0
    faces with face-decomposition tet quality < 1e-30      : 0
    faces with concavity > 80  degrees                     : 0
    faces with skewness > 4   (internal) or 20  (boundary) : 0
    faces with interpolation weights (0..1)  < 0.02        : 0
    faces with volume ratio of neighbour cells < 0.01      : 0
    faces with face twist < 0.02                           : 0
    faces on cells with determinant < 0.001                : 0
Successfully moved mesh
Moved mesh in = 7.73 s



Morph iteration 3
-----------------
Calculating patchDisplacement as distance to nearest surface point ...
    non-zone points : attract to nearest of all non-zone surfaces
    zone points     : attract to zone surface only

Wanted displacement : average:0.00121662 min:1.06812e-07 max:0.00423121
Calculated surface displacement in = 0.15 s


Detecting near surfaces ...
Overriding nearest with intersection of close gaps at 0 out of 272878 points.
Overriding displacement on features :
   implicit features    : true
   explicit features    : false
   multi-patch features : false

Attraction:
    linear   : max:(0.00421316 0.000390407 1.2601e-14) avg:(8.05515e-11 9.55263e-09 -1.87919e-11)
    feature  : max:(0.00421316 0.000390407 0) avg:(-2.30678e-10 -3.75201e-08 -1.89113e-11)
Feature analysis : total master points :272878 of which attracted to :
    feature point   : 0
    feature edge    : 2552
    nearest surface : 270326
    rest            : 0

--> FOAM Warning : Displacement (4.5597e-16 0.000122288 -2.40994e-07) at mesh point 0 coord (9.21487e-17 -0.49815 0.26) points through the surrounding patch faces
Smoothing displacement ...
Iteration 0
Iteration 10
Iteration 20
Displacement smoothed in = 3.96 s


Moving mesh ...

Iteration 0
Moving mesh using displacement scaling : min:1  max:1
Checking faces in error :
    non-orthogonality > 65  degrees                        : 96
    faces with face pyramid volume < 1e-13                 : 0
    faces with face-decomposition tet quality < 1e-30      : 0
    faces with concavity > 80  degrees                     : 0
    faces with skewness > 4   (internal) or 20  (boundary) : 0
    faces with interpolation weights (0..1)  < 0.02        : 0
    faces with volume ratio of neighbour cells < 0.01      : 0
    faces with face twist < 0.02                           : 0
    faces on cells with determinant < 0.001                : 0

Iteration 1
Moving mesh using displacement scaling : min:0.75  max:1
Checking faces in error :
    non-orthogonality > 65  degrees                        : 88
    faces with face pyramid volume < 1e-13                 : 0
    faces with face-decomposition tet quality < 1e-30      : 0
    faces with concavity > 80  degrees                     : 0
    faces with skewness > 4   (internal) or 20  (boundary) : 0
    faces with interpolation weights (0..1)  < 0.02        : 0
    faces with volume ratio of neighbour cells < 0.01      : 0
    faces with face twist < 0.02                           : 0
    faces on cells with determinant < 0.001                : 0

Iteration 2
Moving mesh using displacement scaling : min:0.5625  max:1
Checking faces in error :
    non-orthogonality > 65  degrees                        : 80
    faces with face pyramid volume < 1e-13                 : 0
    faces with face-decomposition tet quality < 1e-30      : 0
    faces with concavity > 80  degrees                     : 0
    faces with skewness > 4   (internal) or 20  (boundary) : 0
    faces with interpolation weights (0..1)  < 0.02        : 0
    faces with volume ratio of neighbour cells < 0.01      : 0
    faces with face twist < 0.02                           : 0
    faces on cells with determinant < 0.001                : 0

Iteration 3
Moving mesh using displacement scaling : min:0.421875  max:1
Checking faces in error :
    non-orthogonality > 65  degrees                        : 80
    faces with face pyramid volume < 1e-13                 : 0
    faces with face-decomposition tet quality < 1e-30      : 0
    faces with concavity > 80  degrees                     : 0
    faces with skewness > 4   (internal) or 20  (boundary) : 0
    faces with interpolation weights (0..1)  < 0.02        : 0
    faces with volume ratio of neighbour cells < 0.01      : 0
    faces with face twist < 0.02                           : 0
    faces on cells with determinant < 0.001                : 0

Iteration 4
Moving mesh using displacement scaling : min:0.316406  max:1
Checking faces in error :
    non-orthogonality > 65  degrees                        : 72
    faces with face pyramid volume < 1e-13                 : 0
    faces with face-decomposition tet quality < 1e-30      : 0
    faces with concavity > 80  degrees                     : 0
    faces with skewness > 4   (internal) or 20  (boundary) : 0
    faces with interpolation weights (0..1)  < 0.02        : 0
    faces with volume ratio of neighbour cells < 0.01      : 0
    faces with face twist < 0.02                           : 0
    faces on cells with determinant < 0.001                : 0

Iteration 5
Displacement scaling for error reduction set to 0.
Moving mesh using displacement scaling : min:0.237305  max:1
Checking faces in error :
    non-orthogonality > 65  degrees                        : 64
    faces with face pyramid volume < 1e-13                 : 0
    faces with face-decomposition tet quality < 1e-30      : 0
    faces with concavity > 80  degrees                     : 0
    faces with skewness > 4   (internal) or 20  (boundary) : 0
    faces with interpolation weights (0..1)  < 0.02        : 0
    faces with volume ratio of neighbour cells < 0.01      : 0
    faces with face twist < 0.02                           : 0
    faces on cells with determinant < 0.001                : 0

Iteration 6
Moving mesh using displacement scaling : min:0  max:1
Checking faces in error :
    non-orthogonality > 65  degrees                        : 0
    faces with face pyramid volume < 1e-13                 : 0
    faces with face-decomposition tet quality < 1e-30      : 0
    faces with concavity > 80  degrees                     : 0
    faces with skewness > 4   (internal) or 20  (boundary) : 0
    faces with interpolation weights (0..1)  < 0.02        : 0
    faces with volume ratio of neighbour cells < 0.01      : 0
    faces with face twist < 0.02                           : 0
    faces on cells with determinant < 0.001                : 0
Successfully moved mesh
Moved mesh in = 8.97 s



Morph iteration 4
-----------------
Calculating patchDisplacement as distance to nearest surface point ...
    non-zone points : attract to nearest of all non-zone surfaces
    zone points     : attract to zone surface only

Wanted displacement : average:0.000897912 min:1.17967e-07 max:0.00380039
Calculated surface displacement in = 0.13 s


Detecting near surfaces ...
Overriding nearest with intersection of close gaps at 0 out of 272878 points.
Overriding displacement on features :
   implicit features    : true
   explicit features    : false
   multi-patch features : false

Attraction:
    linear   : max:(0.000698322 -0.00373569 -2.94209e-15) avg:(1.12357e-10 8.09899e-09 -3.71856e-11)
    feature  : max:(-0.000698322 0.00373569 0) avg:(-4.85657e-10 -2.45839e-08 -3.6937e-11)
Feature analysis : total master points :272878 of which attracted to :
    feature point   : 0
    feature edge    : 2552
    nearest surface : 270326
    rest            : 0

--> FOAM Warning : Displacement (-3.78388e-17 0.0001008 -3.14834e-07) at mesh point 0 coord (5.48119e-16 -0.498027 0.26) points through the surrounding patch faces
Smoothing displacement ...
Iteration 0
Iteration 10
Iteration 20
Displacement smoothed in = 3.79 s


Moving mesh ...

Iteration 0
Moving mesh using displacement scaling : min:1  max:1
Checking faces in error :
    non-orthogonality > 65  degrees                        : 152
    faces with face pyramid volume < 1e-13                 : 0
    faces with face-decomposition tet quality < 1e-30      : 0
    faces with concavity > 80  degrees                     : 0
    faces with skewness > 4   (internal) or 20  (boundary) : 0
    faces with interpolation weights (0..1)  < 0.02        : 0
    faces with volume ratio of neighbour cells < 0.01      : 0
    faces with face twist < 0.02                           : 0
    faces on cells with determinant < 0.001                : 0

Iteration 1
Moving mesh using displacement scaling : min:0.75  max:1
Checking faces in error :
    non-orthogonality > 65  degrees                        : 120
    faces with face pyramid volume < 1e-13                 : 0
    faces with face-decomposition tet quality < 1e-30      : 0
    faces with concavity > 80  degrees                     : 0
    faces with skewness > 4   (internal) or 20  (boundary) : 0
    faces with interpolation weights (0..1)  < 0.02        : 0
    faces with volume ratio of neighbour cells < 0.01      : 0
    faces with face twist < 0.02                           : 0
    faces on cells with determinant < 0.001                : 0

Iteration 2
Moving mesh using displacement scaling : min:0.5625  max:1
Checking faces in error :
    non-orthogonality > 65  degrees                        : 112
    faces with face pyramid volume < 1e-13                 : 0
    faces with face-decomposition tet quality < 1e-30      : 0
    faces with concavity > 80  degrees                     : 0
    faces with skewness > 4   (internal) or 20  (boundary) : 0
    faces with interpolation weights (0..1)  < 0.02        : 0
    faces with volume ratio of neighbour cells < 0.01      : 0
    faces with face twist < 0.02                           : 0
    faces on cells with determinant < 0.001                : 0

Iteration 3
Moving mesh using displacement scaling : min:0.421875  max:1
Checking faces in error :
    non-orthogonality > 65  degrees                        : 108
    faces with face pyramid volume < 1e-13                 : 0
    faces with face-decomposition tet quality < 1e-30      : 0
    faces with concavity > 80  degrees                     : 0
    faces with skewness > 4   (internal) or 20  (boundary) : 0
    faces with interpolation weights (0..1)  < 0.02        : 0
    faces with volume ratio of neighbour cells < 0.01      : 0
    faces with face twist < 0.02                           : 0
    faces on cells with determinant < 0.001                : 0

Iteration 4
Moving mesh using displacement scaling : min:0.316406  max:1
Checking faces in error :
    non-orthogonality > 65  degrees                        : 104
    faces with face pyramid volume < 1e-13                 : 0
    faces with face-decomposition tet quality < 1e-30      : 0
    faces with concavity > 80  degrees                     : 0
    faces with skewness > 4   (internal) or 20  (boundary) : 0
    faces with interpolation weights (0..1)  < 0.02        : 0
    faces with volume ratio of neighbour cells < 0.01      : 0
    faces with face twist < 0.02                           : 0
    faces on cells with determinant < 0.001                : 0

Iteration 5
Displacement scaling for error reduction set to 0.
Moving mesh using displacement scaling : min:0.237305  max:1
Checking faces in error :
    non-orthogonality > 65  degrees                        : 96
    faces with face pyramid volume < 1e-13                 : 0
    faces with face-decomposition tet quality < 1e-30      : 0
    faces with concavity > 80  degrees                     : 0
    faces with skewness > 4   (internal) or 20  (boundary) : 0
    faces with interpolation weights (0..1)  < 0.02        : 0
    faces with volume ratio of neighbour cells < 0.01      : 0
    faces with face twist < 0.02                           : 0
    faces on cells with determinant < 0.001                : 0

Iteration 6
Moving mesh using displacement scaling : min:0  max:1
Checking faces in error :
    non-orthogonality > 65  degrees                        : 0
    faces with face pyramid volume < 1e-13                 : 0
    faces with face-decomposition tet quality < 1e-30      : 0
    faces with concavity > 80  degrees                     : 0
    faces with skewness > 4   (internal) or 20  (boundary) : 0
    faces with interpolation weights (0..1)  < 0.02        : 0
    faces with volume ratio of neighbour cells < 0.01      : 0
    faces with face twist < 0.02                           : 0
    faces on cells with determinant < 0.001                : 0
Successfully moved mesh
Moved mesh in = 8.28 s



Morph iteration 5
-----------------
Calculating patchDisplacement as distance to nearest surface point ...
    non-zone points : attract to nearest of all non-zone surfaces
    zone points     : attract to zone surface only

Wanted displacement : average:0.000611169 min:2.89553e-07 max:0.00380039
Calculated surface displacement in = 0.14 s


Detecting near surfaces ...
Overriding nearest with intersection of close gaps at 0 out of 272878 points.
Overriding displacement on features :
   implicit features    : true
   explicit features    : false
   multi-patch features : false

Attraction:
    linear   : max:(0.000698322 -0.00373569 -2.94209e-15) avg:(1.24329e-10 6.11333e-09 -4.19433e-11)
    feature  : max:(-0.000698322 -0.00373569 -0) avg:(-6.13189e-10 4.85864e-09 -3.79334e-11)
Feature analysis : total master points :272878 of which attracted to :
    feature point   : 0
    feature edge    : 2552
    nearest surface : 270326
    rest            : 0

--> FOAM Warning : Displacement (-6.90947e-16 5.86068e-05 -3.34536e-07) at mesh point 0 coord (5.1028e-16 -0.497927 0.259999) points through the surrounding patch faces
Smoothing displacement ...
Iteration 0
Iteration 10
Iteration 20
Displacement smoothed in = 3.56 s


Moving mesh ...

Iteration 0
Moving mesh using displacement scaling : min:1  max:1
Checking faces in error :
    non-orthogonality > 65  degrees                        : 240
    faces with face pyramid volume < 1e-13                 : 0
    faces with face-decomposition tet quality < 1e-30      : 0
    faces with concavity > 80  degrees                     : 0
    faces with skewness > 4   (internal) or 20  (boundary) : 0
    faces with interpolation weights (0..1)  < 0.02        : 0
    faces with volume ratio of neighbour cells < 0.01      : 0
    faces with face twist < 0.02                           : 0
    faces on cells with determinant < 0.001                : 0

Iteration 1
Moving mesh using displacement scaling : min:0.75  max:1
Checking faces in error :
    non-orthogonality > 65  degrees                        : 224
    faces with face pyramid volume < 1e-13                 : 0
    faces with face-decomposition tet quality < 1e-30      : 0
    faces with concavity > 80  degrees                     : 0
    faces with skewness > 4   (internal) or 20  (boundary) : 0
    faces with interpolation weights (0..1)  < 0.02        : 0
    faces with volume ratio of neighbour cells < 0.01      : 0
    faces with face twist < 0.02                           : 0
    faces on cells with determinant < 0.001                : 0

Iteration 2
Moving mesh using displacement scaling : min:0.5625  max:1
Checking faces in error :
    non-orthogonality > 65  degrees                        : 192
    faces with face pyramid volume < 1e-13                 : 0
    faces with face-decomposition tet quality < 1e-30      : 0
    faces with concavity > 80  degrees                     : 0
    faces with skewness > 4   (internal) or 20  (boundary) : 0
    faces with interpolation weights (0..1)  < 0.02        : 0
    faces with volume ratio of neighbour cells < 0.01      : 0
    faces with face twist < 0.02                           : 0
    faces on cells with determinant < 0.001                : 0

Iteration 3
Moving mesh using displacement scaling : min:0.421875  max:1
Checking faces in error :
    non-orthogonality > 65  degrees                        : 176
    faces with face pyramid volume < 1e-13                 : 0
    faces with face-decomposition tet quality < 1e-30      : 0
    faces with concavity > 80  degrees                     : 0
    faces with skewness > 4   (internal) or 20  (boundary) : 0
    faces with interpolation weights (0..1)  < 0.02        : 0
    faces with volume ratio of neighbour cells < 0.01      : 0
    faces with face twist < 0.02                           : 0
    faces on cells with determinant < 0.001                : 0

Iteration 4
Moving mesh using displacement scaling : min:0.316406  max:1
Checking faces in error :
    non-orthogonality > 65  degrees                        : 160
    faces with face pyramid volume < 1e-13                 : 0
    faces with face-decomposition tet quality < 1e-30      : 0
    faces with concavity > 80  degrees                     : 0
    faces with skewness > 4   (internal) or 20  (boundary) : 0
    faces with interpolation weights (0..1)  < 0.02        : 0
    faces with volume ratio of neighbour cells < 0.01      : 0
    faces with face twist < 0.02                           : 0
    faces on cells with determinant < 0.001                : 0

Iteration 5
Displacement scaling for error reduction set to 0.
Moving mesh using displacement scaling : min:0.237305  max:1
Checking faces in error :
    non-orthogonality > 65  degrees                        : 152
    faces with face pyramid volume < 1e-13                 : 0
    faces with face-decomposition tet quality < 1e-30      : 0
    faces with concavity > 80  degrees                     : 0
    faces with skewness > 4   (internal) or 20  (boundary) : 0
    faces with interpolation weights (0..1)  < 0.02        : 0
    faces with volume ratio of neighbour cells < 0.01      : 0
    faces with face twist < 0.02                           : 0
    faces on cells with determinant < 0.001                : 0

Iteration 6
Moving mesh using displacement scaling : min:0  max:1
Checking faces in error :
    non-orthogonality > 65  degrees                        : 8
    faces with face pyramid volume < 1e-13                 : 0
    faces with face-decomposition tet quality < 1e-30      : 0
    faces with concavity > 80  degrees                     : 0
    faces with skewness > 4   (internal) or 20  (boundary) : 0
    faces with interpolation weights (0..1)  < 0.02        : 0
    faces with volume ratio of neighbour cells < 0.01      : 0
    faces with face twist < 0.02                           : 0
    faces on cells with determinant < 0.001                : 0

Iteration 7
Moving mesh using displacement scaling : min:0  max:1
Checking faces in error :
    non-orthogonality > 65  degrees                        : 0
    faces with face pyramid volume < 1e-13                 : 0
    faces with face-decomposition tet quality < 1e-30      : 0
    faces with concavity > 80  degrees                     : 0
    faces with skewness > 4   (internal) or 20  (boundary) : 0
    faces with interpolation weights (0..1)  < 0.02        : 0
    faces with volume ratio of neighbour cells < 0.01      : 0
    faces with face twist < 0.02                           : 0
    faces on cells with determinant < 0.001                : 0
Successfully moved mesh
Moved mesh in = 9.35 s



Morph iteration 6
-----------------
Calculating patchDisplacement as distance to nearest surface point ...
    non-zone points : attract to nearest of all non-zone surfaces
    zone points     : attract to zone surface only

Wanted displacement : average:0.000360658 min:1.21033e-07 max:0.00380039
Calculated surface displacement in = 0.13 s


Detecting near surfaces ...
Overriding nearest with intersection of close gaps at 0 out of 272878 points.
Overriding displacement on features :
   implicit features    : true
   explicit features    : false
   multi-patch features : false

Attraction:
    linear   : max:(0.000698322 -0.00373569 -2.94209e-15) avg:(1.12157e-10 3.91043e-09 2.51011e-10)
    feature  : max:(-0.000698322 -0.00373569 -0) avg:(1.56693e-10 1.04602e-09 2.56932e-10)
Feature analysis : total master points :272878 of which attracted to :
    feature point   : 0
    feature edge    : 2552
    nearest surface : 270326
    rest            : 0

--> FOAM Warning : Displacement (-4.33424e-15 1.71363e-05 -2.7955e-07) at mesh point 0 coord (-1.80666e-16 -0.497868 0.259999) points through the surrounding patch faces
Smoothing displacement ...
Iteration 0
Iteration 10
Iteration 20
Displacement smoothed in = 3.68 s


Moving mesh ...

Iteration 0
Moving mesh using displacement scaling : min:1  max:1
Checking faces in error :
    non-orthogonality > 65  degrees                        : 312
    faces with face pyramid volume < 1e-13                 : 0
    faces with face-decomposition tet quality < 1e-30      : 0
    faces with concavity > 80  degrees                     : 0
    faces with skewness > 4   (internal) or 20  (boundary) : 0
    faces with interpolation weights (0..1)  < 0.02        : 0
    faces with volume ratio of neighbour cells < 0.01      : 0
    faces with face twist < 0.02                           : 0
    faces on cells with determinant < 0.001                : 0

Iteration 1
Moving mesh using displacement scaling : min:0.75  max:1
Checking faces in error :
    non-orthogonality > 65  degrees                        : 280
    faces with face pyramid volume < 1e-13                 : 0
    faces with face-decomposition tet quality < 1e-30      : 0
    faces with concavity > 80  degrees                     : 0
    faces with skewness > 4   (internal) or 20  (boundary) : 0
    faces with interpolation weights (0..1)  < 0.02        : 0
    faces with volume ratio of neighbour cells < 0.01      : 0
    faces with face twist < 0.02                           : 0
    faces on cells with determinant < 0.001                : 0

Iteration 2
Moving mesh using displacement scaling : min:0.5625  max:1
Checking faces in error :
    non-orthogonality > 65  degrees                        : 272
    faces with face pyramid volume < 1e-13                 : 0
    faces with face-decomposition tet quality < 1e-30      : 0
    faces with concavity > 80  degrees                     : 0
    faces with skewness > 4   (internal) or 20  (boundary) : 0
    faces with interpolation weights (0..1)  < 0.02        : 0
    faces with volume ratio of neighbour cells < 0.01      : 0
    faces with face twist < 0.02                           : 0
    faces on cells with determinant < 0.001                : 0

Iteration 3
Moving mesh using displacement scaling : min:0.421875  max:1
Checking faces in error :
    non-orthogonality > 65  degrees                        : 264
    faces with face pyramid volume < 1e-13                 : 0
    faces with face-decomposition tet quality < 1e-30      : 0
    faces with concavity > 80  degrees                     : 0
    faces with skewness > 4   (internal) or 20  (boundary) : 0
    faces with interpolation weights (0..1)  < 0.02        : 0
    faces with volume ratio of neighbour cells < 0.01      : 0
    faces with face twist < 0.02                           : 0
    faces on cells with determinant < 0.001                : 0

Iteration 4
Moving mesh using displacement scaling : min:0.316406  max:1
Checking faces in error :
    non-orthogonality > 65  degrees                        : 240
    faces with face pyramid volume < 1e-13                 : 0
    faces with face-decomposition tet quality < 1e-30      : 0
    faces with concavity > 80  degrees                     : 0
    faces with skewness > 4   (internal) or 20  (boundary) : 0
    faces with interpolation weights (0..1)  < 0.02        : 0
    faces with volume ratio of neighbour cells < 0.01      : 0
    faces with face twist < 0.02                           : 0
    faces on cells with determinant < 0.001                : 0

Iteration 5
Displacement scaling for error reduction set to 0.
Moving mesh using displacement scaling : min:0.237305  max:1
Checking faces in error :
    non-orthogonality > 65  degrees                        : 200
    faces with face pyramid volume < 1e-13                 : 0
    faces with face-decomposition tet quality < 1e-30      : 0
    faces with concavity > 80  degrees                     : 0
    faces with skewness > 4   (internal) or 20  (boundary) : 0
    faces with interpolation weights (0..1)  < 0.02        : 0
    faces with volume ratio of neighbour cells < 0.01      : 0
    faces with face twist < 0.02                           : 0
    faces on cells with determinant < 0.001                : 0

Iteration 6
Moving mesh using displacement scaling : min:0  max:1
Checking faces in error :
    non-orthogonality > 65  degrees                        : 8
    faces with face pyramid volume < 1e-13                 : 0
    faces with face-decomposition tet quality < 1e-30      : 0
    faces with concavity > 80  degrees                     : 0
    faces with skewness > 4   (internal) or 20  (boundary) : 0
    faces with interpolation weights (0..1)  < 0.02        : 0
    faces with volume ratio of neighbour cells < 0.01      : 0
    faces with face twist < 0.02                           : 0
    faces on cells with determinant < 0.001                : 0

Iteration 7
Moving mesh using displacement scaling : min:0  max:1
Checking faces in error :
    non-orthogonality > 65  degrees                        : 0
    faces with face pyramid volume < 1e-13                 : 0
    faces with face-decomposition tet quality < 1e-30      : 0
    faces with concavity > 80  degrees                     : 0
    faces with skewness > 4   (internal) or 20  (boundary) : 0
    faces with interpolation weights (0..1)  < 0.02        : 0
    faces with volume ratio of neighbour cells < 0.01      : 0
    faces with face twist < 0.02                           : 0
    faces on cells with determinant < 0.001                : 0
Successfully moved mesh
Moved mesh in = 9.04 s



Morph iteration 7
-----------------
Calculating patchDisplacement as distance to nearest surface point ...
    non-zone points : attract to nearest of all non-zone surfaces
    zone points     : attract to zone surface only

Wanted displacement : average:0.000173801 min:1.40534e-07 max:0.00380039
Calculated surface displacement in = 0.13 s


Detecting near surfaces ...
Overriding nearest with intersection of close gaps at 0 out of 272878 points.
Overriding displacement on features :
   implicit features    : true
   explicit features    : false
   multi-patch features : false

Attraction:
    linear   : max:(0.000698322 -0.00373569 -2.94209e-15) avg:(8.083e-11 1.97502e-09 3.7262e-10)
    feature  : max:(-0.000698322 -0.00373569 -0) avg:(3.33287e-10 1.02573e-10 3.78083e-10)
Feature analysis : total master points :272878 of which attracted to :
    feature point   : 0
    feature edge    : 2552
    nearest surface : 270326
    rest            : 0

--> FOAM Warning : Displacement (-6.53498e-07 9.92526e-07 -1.7345e-07) at mesh point 206112 coord (0.0125047 -0.497862 0.259999) points through the surrounding patch faces
Smoothing displacement ...
Iteration 0
Iteration 10
Iteration 20
Displacement smoothed in = 3.6 s


Moving mesh ...

Iteration 0
Moving mesh using displacement scaling : min:1  max:1
Checking faces in error :
    non-orthogonality > 65  degrees                        : 352
    faces with face pyramid volume < 1e-13                 : 0
    faces with face-decomposition tet quality < 1e-30      : 0
    faces with concavity > 80  degrees                     : 0
    faces with skewness > 4   (internal) or 20  (boundary) : 0
    faces with interpolation weights (0..1)  < 0.02        : 0
    faces with volume ratio of neighbour cells < 0.01      : 0
    faces with face twist < 0.02                           : 0
    faces on cells with determinant < 0.001                : 0

Iteration 1
Moving mesh using displacement scaling : min:0.75  max:1
Checking faces in error :
    non-orthogonality > 65  degrees                        : 320
    faces with face pyramid volume < 1e-13                 : 0
    faces with face-decomposition tet quality < 1e-30      : 0
    faces with concavity > 80  degrees                     : 0
    faces with skewness > 4   (internal) or 20  (boundary) : 0
    faces with interpolation weights (0..1)  < 0.02        : 0
    faces with volume ratio of neighbour cells < 0.01      : 0
    faces with face twist < 0.02                           : 0
    faces on cells with determinant < 0.001                : 0

Iteration 2
Moving mesh using displacement scaling : min:0.5625  max:1
Checking faces in error :
    non-orthogonality > 65  degrees                        : 312
    faces with face pyramid volume < 1e-13                 : 0
    faces with face-decomposition tet quality < 1e-30      : 0
    faces with concavity > 80  degrees                     : 0
    faces with skewness > 4   (internal) or 20  (boundary) : 0
    faces with interpolation weights (0..1)  < 0.02        : 0
    faces with volume ratio of neighbour cells < 0.01      : 0
    faces with face twist < 0.02                           : 0
    faces on cells with determinant < 0.001                : 0

Iteration 3
Moving mesh using displacement scaling : min:0.421875  max:1
Checking faces in error :
    non-orthogonality > 65  degrees                        : 296
    faces with face pyramid volume < 1e-13                 : 0
    faces with face-decomposition tet quality < 1e-30      : 0
    faces with concavity > 80  degrees                     : 0
    faces with skewness > 4   (internal) or 20  (boundary) : 0
    faces with interpolation weights (0..1)  < 0.02        : 0
    faces with volume ratio of neighbour cells < 0.01      : 0
    faces with face twist < 0.02                           : 0
    faces on cells with determinant < 0.001                : 0

Iteration 4
Moving mesh using displacement scaling : min:0.316406  max:1
Checking faces in error :
    non-orthogonality > 65  degrees                        : 296
    faces with face pyramid volume < 1e-13                 : 0
    faces with face-decomposition tet quality < 1e-30      : 0
    faces with concavity > 80  degrees                     : 0
    faces with skewness > 4   (internal) or 20  (boundary) : 0
    faces with interpolation weights (0..1)  < 0.02        : 0
    faces with volume ratio of neighbour cells < 0.01      : 0
    faces with face twist < 0.02                           : 0
    faces on cells with determinant < 0.001                : 0

Iteration 5
Displacement scaling for error reduction set to 0.
Moving mesh using displacement scaling : min:0.237305  max:1
Checking faces in error :
    non-orthogonality > 65  degrees                        : 280
    faces with face pyramid volume < 1e-13                 : 0
    faces with face-decomposition tet quality < 1e-30      : 0
    faces with concavity > 80  degrees                     : 0
    faces with skewness > 4   (internal) or 20  (boundary) : 0
    faces with interpolation weights (0..1)  < 0.02        : 0
    faces with volume ratio of neighbour cells < 0.01      : 0
    faces with face twist < 0.02                           : 0
    faces on cells with determinant < 0.001                : 0

Iteration 6
Moving mesh using displacement scaling : min:0  max:1
Checking faces in error :
    non-orthogonality > 65  degrees                        : 0
    faces with face pyramid volume < 1e-13                 : 0
    faces with face-decomposition tet quality < 1e-30      : 0
    faces with concavity > 80  degrees                     : 0
    faces with skewness > 4   (internal) or 20  (boundary) : 0
    faces with interpolation weights (0..1)  < 0.02        : 0
    faces with volume ratio of neighbour cells < 0.01      : 0
    faces with face twist < 0.02                           : 0
    faces on cells with determinant < 0.001                : 0
Successfully moved mesh
Moved mesh in = 8.28 s



Morph iteration 8
-----------------
Calculating patchDisplacement as distance to nearest surface point ...
    non-zone points : attract to nearest of all non-zone surfaces
    zone points     : attract to zone surface only

Wanted displacement : average:6.32118e-05 min:5.08126e-08 max:0.00380039
Calculated surface displacement in = 0.12 s


Detecting near surfaces ...
Overriding nearest with intersection of close gaps at 0 out of 272878 points.
Overriding displacement on features :
   implicit features    : true
   explicit features    : false
   multi-patch features : false

Attraction:
    linear   : max:(0.000698322 -0.00373569 -2.94209e-15) avg:(4.38539e-11 6.97571e-10 3.46426e-10)
    feature  : max:(-0.000698322 0.00373569 0) avg:(3.81835e-10 2.92241e-10 3.49187e-10)
Feature analysis : total master points :272878 of which attracted to :
    feature point   : 0
    feature edge    : 2552
    nearest surface : 270326
    rest            : 0

--> FOAM Warning : Displacement (-4.57153e-05 5.0497e-05 -7.5714e-09) at mesh point 206125 coord (0.306882 -0.394049 0.259999) points through the surrounding patch faces
Smoothing displacement ...
Iteration 0
Iteration 10
Iteration 20
Displacement smoothed in = 4.18 s


Moving mesh ...

Iteration 0
Moving mesh using displacement scaling : min:1  max:1
Checking faces in error :
    non-orthogonality > 65  degrees                        : 368
    faces with face pyramid volume < 1e-13                 : 0
    faces with face-decomposition tet quality < 1e-30      : 8
    faces with concavity > 80  degrees                     : 0
    faces with skewness > 4   (internal) or 20  (boundary) : 0
    faces with interpolation weights (0..1)  < 0.02        : 0
    faces with volume ratio of neighbour cells < 0.01      : 0
    faces with face twist < 0.02                           : 0
    faces on cells with determinant < 0.001                : 0

Iteration 1
Moving mesh using displacement scaling : min:0.75  max:1
Checking faces in error :
    non-orthogonality > 65  degrees                        : 360
    faces with face pyramid volume < 1e-13                 : 0
    faces with face-decomposition tet quality < 1e-30      : 0
    faces with concavity > 80  degrees                     : 0
    faces with skewness > 4   (internal) or 20  (boundary) : 0
    faces with interpolation weights (0..1)  < 0.02        : 0
    faces with volume ratio of neighbour cells < 0.01      : 0
    faces with face twist < 0.02                           : 0
    faces on cells with determinant < 0.001                : 0

Iteration 2
Moving mesh using displacement scaling : min:0.5625  max:1
Checking faces in error :
    non-orthogonality > 65  degrees                        : 344
    faces with face pyramid volume < 1e-13                 : 0
    faces with face-decomposition tet quality < 1e-30      : 0
    faces with concavity > 80  degrees                     : 0
    faces with skewness > 4   (internal) or 20  (boundary) : 0
    faces with interpolation weights (0..1)  < 0.02        : 0
    faces with volume ratio of neighbour cells < 0.01      : 0
    faces with face twist < 0.02                           : 0
    faces on cells with determinant < 0.001                : 0

Iteration 3
Moving mesh using displacement scaling : min:0.421875  max:1
Checking faces in error :
    non-orthogonality > 65  degrees                        : 336
    faces with face pyramid volume < 1e-13                 : 0
    faces with face-decomposition tet quality < 1e-30      : 0
    faces with concavity > 80  degrees                     : 0
    faces with skewness > 4   (internal) or 20  (boundary) : 0
    faces with interpolation weights (0..1)  < 0.02        : 0
    faces with volume ratio of neighbour cells < 0.01      : 0
    faces with face twist < 0.02                           : 0
    faces on cells with determinant < 0.001                : 0

Iteration 4
Moving mesh using displacement scaling : min:0.316406  max:1
Checking faces in error :
    non-orthogonality > 65  degrees                        : 312
    faces with face pyramid volume < 1e-13                 : 0
    faces with face-decomposition tet quality < 1e-30      : 0
    faces with concavity > 80  degrees                     : 0
    faces with skewness > 4   (internal) or 20  (boundary) : 0
    faces with interpolation weights (0..1)  < 0.02        : 0
    faces with volume ratio of neighbour cells < 0.01      : 0
    faces with face twist < 0.02                           : 0
    faces on cells with determinant < 0.001                : 0

Iteration 5
Displacement scaling for error reduction set to 0.
Moving mesh using displacement scaling : min:0.237305  max:1
Checking faces in error :
    non-orthogonality > 65  degrees                        : 300
    faces with face pyramid volume < 1e-13                 : 0
    faces with face-decomposition tet quality < 1e-30      : 0
    faces with concavity > 80  degrees                     : 0
    faces with skewness > 4   (internal) or 20  (boundary) : 0
    faces with interpolation weights (0..1)  < 0.02        : 0
    faces with volume ratio of neighbour cells < 0.01      : 0
    faces with face twist < 0.02                           : 0
    faces on cells with determinant < 0.001                : 0

Iteration 6
Moving mesh using displacement scaling : min:0  max:1
Checking faces in error :
    non-orthogonality > 65  degrees                        : 8
    faces with face pyramid volume < 1e-13                 : 0
    faces with face-decomposition tet quality < 1e-30      : 0
    faces with concavity > 80  degrees                     : 0
    faces with skewness > 4   (internal) or 20  (boundary) : 0
    faces with interpolation weights (0..1)  < 0.02        : 0
    faces with volume ratio of neighbour cells < 0.01      : 0
    faces with face twist < 0.02                           : 0
    faces on cells with determinant < 0.001                : 0

Iteration 7
Moving mesh using displacement scaling : min:0  max:1
Checking faces in error :
    non-orthogonality > 65  degrees                        : 8
    faces with face pyramid volume < 1e-13                 : 0
    faces with face-decomposition tet quality < 1e-30      : 0
    faces with concavity > 80  degrees                     : 0
    faces with skewness > 4   (internal) or 20  (boundary) : 0
    faces with interpolation weights (0..1)  < 0.02        : 0
    faces with volume ratio of neighbour cells < 0.01      : 0
    faces with face twist < 0.02                           : 0
    faces on cells with determinant < 0.001                : 0

Iteration 8
Moving mesh using displacement scaling : min:0  max:1
Checking faces in error :
    non-orthogonality > 65  degrees                        : 0
    faces with face pyramid volume < 1e-13                 : 0
    faces with face-decomposition tet quality < 1e-30      : 0
    faces with concavity > 80  degrees                     : 0
    faces with skewness > 4   (internal) or 20  (boundary) : 0
    faces with interpolation weights (0..1)  < 0.02        : 0
    faces with volume ratio of neighbour cells < 0.01      : 0
    faces with face twist < 0.02                           : 0
    faces on cells with determinant < 0.001                : 0
Successfully moved mesh
Moved mesh in = 10.02 s



Morph iteration 9
-----------------
Calculating patchDisplacement as distance to nearest surface point ...
    non-zone points : attract to nearest of all non-zone surfaces
    zone points     : attract to zone surface only

Wanted displacement : average:1.56693e-05 min:5.4389e-10 max:0.00380039
Calculated surface displacement in = 0.14 s


Detecting near surfaces ...
Overriding nearest with intersection of close gaps at 0 out of 272878 points.
Overriding displacement on features :
   implicit features    : true
   explicit features    : false
   multi-patch features : false

Attraction:
    linear   : max:(0.000698322 -0.00373569 -2.94209e-15) avg:(1.55418e-11 1.29837e-10 1.31162e-10)
    feature  : max:(-0.000698322 -0.00373569 -0) avg:(3.19255e-10 7.82886e-11 1.04283e-09)
Feature analysis : total master points :272878 of which attracted to :
    feature point   : 0
    feature edge    : 2552
    nearest surface : 270326
    rest            : 0

--> FOAM Warning : Displacement (-1.06868e-05 1.17228e-05 5.85088e-14) at mesh point 206125 coord (0.306837 -0.393998 0.259999) points through the surrounding patch faces
Smoothing displacement ...
Iteration 0
Iteration 10
Iteration 20
Displacement smoothed in = 3.14 s


Moving mesh ...

Iteration 0
Moving mesh using displacement scaling : min:1  max:1
Checking faces in error :
    non-orthogonality > 65  degrees                        : 384
    faces with face pyramid volume < 1e-13                 : 0
    faces with face-decomposition tet quality < 1e-30      : 128
    faces with concavity > 80  degrees                     : 0
    faces with skewness > 4   (internal) or 20  (boundary) : 0
    faces with interpolation weights (0..1)  < 0.02        : 0
    faces with volume ratio of neighbour cells < 0.01      : 0
    faces with face twist < 0.02                           : 8
    faces on cells with determinant < 0.001                : 0

Iteration 1
Moving mesh using displacement scaling : min:0.75  max:1
Checking faces in error :
    non-orthogonality > 65  degrees                        : 384
    faces with face pyramid volume < 1e-13                 : 0
    faces with face-decomposition tet quality < 1e-30      : 84
    faces with concavity > 80  degrees                     : 0
    faces with skewness > 4   (internal) or 20  (boundary) : 0
    faces with interpolation weights (0..1)  < 0.02        : 0
    faces with volume ratio of neighbour cells < 0.01      : 0
    faces with face twist < 0.02                           : 4
    faces on cells with determinant < 0.001                : 0

Iteration 2
Moving mesh using displacement scaling : min:0.5625  max:1
Checking faces in error :
    non-orthogonality > 65  degrees                        : 368
    faces with face pyramid volume < 1e-13                 : 0
    faces with face-decomposition tet quality < 1e-30      : 48
    faces with concavity > 80  degrees                     : 0
    faces with skewness > 4   (internal) or 20  (boundary) : 0
    faces with interpolation weights (0..1)  < 0.02        : 0
    faces with volume ratio of neighbour cells < 0.01      : 0
    faces with face twist < 0.02                           : 8
    faces on cells with determinant < 0.001                : 0

Iteration 3
Moving mesh using displacement scaling : min:0.421875  max:1
Checking faces in error :
    non-orthogonality > 65  degrees                        : 352
    faces with face pyramid volume < 1e-13                 : 0
    faces with face-decomposition tet quality < 1e-30      : 20
    faces with concavity > 80  degrees                     : 0
    faces with skewness > 4   (internal) or 20  (boundary) : 0
    faces with interpolation weights (0..1)  < 0.02        : 0
    faces with volume ratio of neighbour cells < 0.01      : 0
    faces with face twist < 0.02                           : 12
    faces on cells with determinant < 0.001                : 0

Iteration 4
Moving mesh using displacement scaling : min:0.316406  max:1
Checking faces in error :
    non-orthogonality > 65  degrees                        : 344
    faces with face pyramid volume < 1e-13                 : 0
    faces with face-decomposition tet quality < 1e-30      : 4
    faces with concavity > 80  degrees                     : 0
    faces with skewness > 4   (internal) or 20  (boundary) : 0
    faces with interpolation weights (0..1)  < 0.02        : 0
    faces with volume ratio of neighbour cells < 0.01      : 0
    faces with face twist < 0.02                           : 16
    faces on cells with determinant < 0.001                : 0

Iteration 5
Displacement scaling for error reduction set to 0.
Moving mesh using displacement scaling : min:0.237305  max:1
Checking faces in error :
    non-orthogonality > 65  degrees                        : 332
    faces with face pyramid volume < 1e-13                 : 0
    faces with face-decomposition tet quality < 1e-30      : 0
    faces with concavity > 80  degrees                     : 0
    faces with skewness > 4   (internal) or 20  (boundary) : 0
    faces with interpolation weights (0..1)  < 0.02        : 0
    faces with volume ratio of neighbour cells < 0.01      : 0
    faces with face twist < 0.02                           : 12
    faces on cells with determinant < 0.001                : 0

Iteration 6
Moving mesh using displacement scaling : min:0  max:1
Checking faces in error :
    non-orthogonality > 65  degrees                        : 24
    faces with face pyramid volume < 1e-13                 : 0
    faces with face-decomposition tet quality < 1e-30      : 0
    faces with concavity > 80  degrees                     : 0
    faces with skewness > 4   (internal) or 20  (boundary) : 0
    faces with interpolation weights (0..1)  < 0.02        : 0
    faces with volume ratio of neighbour cells < 0.01      : 0
    faces with face twist < 0.02                           : 0
    faces on cells with determinant < 0.001                : 0

Iteration 7
Moving mesh using displacement scaling : min:0  max:1
Checking faces in error :
    non-orthogonality > 65  degrees                        : 0
    faces with face pyramid volume < 1e-13                 : 0
    faces with face-decomposition tet quality < 1e-30      : 0
    faces with concavity > 80  degrees                     : 0
    faces with skewness > 4   (internal) or 20  (boundary) : 0
    faces with interpolation weights (0..1)  < 0.02        : 0
    faces with volume ratio of neighbour cells < 0.01      : 0
    faces with face twist < 0.02                           : 0
    faces on cells with determinant < 0.001                : 0
Successfully moved mesh
Moved mesh in = 9.47 s


Repatching faces according to nearest surface ...
Repatched 0 faces in = 0.88 s


Edge intersection testing:
    Number of edges             : 2310576
    Number of edges to retest   : 849712
    Number of intersected edges : 270824
Merging 76160 sets of faces.

Edge intersection testing:
    Number of edges             : 2232816
    Number of edges to retest   : 305420
    Number of intersected edges : 193064

Undo iteration 0
----------------
Checking faces in error :
    non-orthogonality > 65  degrees                        : 48
    faces with face pyramid volume < 1e-13                 : 0
    faces with face-decomposition tet quality < 1e-30      : 0
    faces with concavity > 80  degrees                     : 0
    faces with skewness > 4   (internal) or 20  (boundary) : 0
    faces with interpolation weights (0..1)  < 0.02        : 0
    faces with volume ratio of neighbour cells < 0.01      : 0
    faces with face twist < 0.02                           : 0
    faces on cells with determinant < 0.001                : 0
Masters that need to be restored:48
Edge intersection testing:
    Number of edges             : 2232896
    Number of edges to retest   : 440
    Number of intersected edges : 193144


Undo iteration 1
----------------
Checking faces in error :
    non-orthogonality > 65  degrees                        : 0
    faces with face pyramid volume < 1e-13                 : 0
    faces with face-decomposition tet quality < 1e-30      : 0
    faces with concavity > 80  degrees                     : 0
    faces with skewness > 4   (internal) or 20  (boundary) : 0
    faces with interpolation weights (0..1)  < 0.02        : 0
    faces with volume ratio of neighbour cells < 0.01      : 0
    faces with face twist < 0.02                           : 0
    faces on cells with determinant < 0.001                : 0

Merging all points on surface that
- are used by only two boundary faces and
- make an angle with a cosine of more than 0.5.

Removing 75380 straight edge points ...

Edge intersection testing:
    Number of edges             : 2232896
    Number of edges to retest   : 305092
    Number of intersected edges : 193144

Undo iteration 0
----------------
Checking faces in error :
    non-orthogonality > 65  degrees                        : 28
    faces with face pyramid volume < 1e-13                 : 0
    faces with face-decomposition tet quality < 1e-30      : 0
    faces with concavity > 80  degrees                     : 0
    faces with skewness > 4   (internal) or 20  (boundary) : 0
    faces with interpolation weights (0..1)  < 0.02        : 0
    faces with volume ratio of neighbour cells < 0.01      : 0
    faces with face twist < 0.02                           : 0
    faces on cells with determinant < 0.001                : 0
Detected 0 error faces on boundaries that have been merged. These will be restored to their original faces.

Detected 28 error faces in mesh. Restoring neighbours of faces in error.

Edge intersection testing:
    Number of edges             : 2232896
    Number of edges to retest   : 1492
    Number of intersected edges : 193144
Snapped mesh : cells:685048  faces:2232896  points:865745
Cells per refinement level:
    0	2944
    1	15552
    2	95408
    3	545584
    4	10232
    5	15328
Writing mesh to time constant
Wrote mesh in = 2.42 s.
Mesh snapped in = 155.56 s.
Checking final mesh ...
Checking faces in error :
    non-orthogonality > 65  degrees                        : 0
    faces with face pyramid volume < 1e-13                 : 0
    faces with face-decomposition tet quality < 1e-30      : 0
    faces with concavity > 80  degrees                     : 0
    faces with skewness > 4   (internal) or 20  (boundary) : 0
    faces with interpolation weights (0..1)  < 0.02        : 0
    faces with volume ratio of neighbour cells < 0.01      : 0
    faces with face twist < 0.02                           : 0
    faces on cells with determinant < 0.001                : 0
Finished meshing without any errors
Finished meshing in = 308.47 s.
End

