/*---------------------------------------------------------------------------*\
| =========                 |                                                 |
| \\      /  F ield         | OpenFOAM: The Open Source CFD Toolbox           |
|  \\    /   O peration     | Version:  2412                                  |
|   \\  /    A nd           | Website:  www.openfoam.com                      |
|    \\/     M anipulation  |                                                 |
\*---------------------------------------------------------------------------*/
Build  : _f00230df-20250528 OPENFOAM=2412 patch=250528 version=2412
Arch   : "LSB;label=32;scalar=64"
Exec   : topoSet
Date   : Apr 29 2026
Time   : 21:43:58
Host   : PraveenYadav
PID    : 2443
I/O    : uncollated
Case   : /home/praveen/openfoam_files/GitHub_software/Pipeflow_SnappyHexMesh/snappy_pipe
nProcs : 1
trapFpe: Floating point exception trapping enabled (FOAM_SIGFPE).
fileModificationChecking : Monitoring run-time modified files using timeStampMaster (fileModificationSkew 5, maxFileModificationPolls 20)
allowSystemOperations : Allowing user-supplied system call operations

// * * * * * * * * * * * * * * * * * * * * * * * * * * * * * * * * * * * * * //
Create time

Create polyMesh for time = 0

Reading topoSetDict

Time = 0
    mesh not changed.
Created faceSet cylinder
    Applying source patchToFace
    Adding all faces of patches: (cylinder) ...
    Found matching patch cylinder with 193144 faces
    faceSet cylinder now size 193144
Created faceSet bottom_patch_negative
    Applying source boxToFace
    Adding faces with centre within boxes 1((-0.6 -0.6 0.01) (0.6 0.6 41))
    faceSet bottom_patch_negative now size 2216826
Created faceSet top_patch_negative
    Applying source boxToFace
    Adding faces with centre within boxes 1((-0.6 -0.6 -1) (0.6 0.6 39.99))
    faceSet top_patch_negative now size 2216842
Created faceSet bottomPatch
    Applying source faceToFace
    Adding all elements of face sets: (cylinder)
    faceSet bottomPatch now size 193144
Read set faceSet bottomPatch size:193144
    Applying source faceToFace
    Removing all elements of face sets: (bottom_patch_negative)
    faceSet bottomPatch now size 9000
Created faceSet topPatch
    Applying source faceToFace
    Adding all elements of face sets: (cylinder)
    faceSet topPatch now size 193144
Read set faceSet topPatch size:193144
    Applying source faceToFace
    Removing all elements of face sets: (top_patch_negative)
    faceSet topPatch now size 9000
Created faceSet wall
    Applying source faceToFace
    Adding all elements of face sets: (cylinder)
    faceSet wall now size 193144
Read set faceSet wall size:193144
    Applying source faceToFace
    Removing all elements of face sets: (bottomPatch)
    faceSet wall now size 184144
Read set faceSet wall size:184144
    Applying source faceToFace
    Removing all elements of face sets: (topPatch)
    faceSet wall now size 175144

End

